<?xml version="1.0" encoding="utf-8"?>
<TestRun id="a95c9ec8-97a4-4709-a5b6-401c0775e24e" name="sebfi@DESKTOP-DLO7ESN 2021-03-20 18:20:58" runUser="DESKTOP-DLO7ESN\sebfi" xmlns="http://microsoft.com/schemas/VisualStudio/TeamTest/2010">
  <Times creation="2021-03-20T18:20:58.5836581+01:00" queuing="2021-03-20T18:20:58.5836585+01:00" start="2021-03-20T18:20:56.6210917+01:00" finish="2021-03-20T18:20:59.7143873+01:00" />
  <TestSettings name="default" id="9c792795-bf62-40f4-af70-31cbc97bded2">
    <Deployment runDeploymentRoot="sebfi_DESKTOP-DLO7ESN_2021-03-20_18_20_58" />
  </TestSettings>
  <Results>
    <UnitTestResult executionId="441b41ae-42ab-4364-9ede-6a1abfe420e5" testId="5ea346f3-62ff-036b-92ab-34912548a8d3" testName="Datatent2.Core.Tests.Scripting.LuaScriptingEngineTest.CheckBoolProp" computerName="DESKTOP-DLO7ESN" duration="00:00:00.0819438" startTime="2021-03-20T18:20:58.5567776+01:00" endTime="2021-03-20T18:20:58.5567778+01:00" testType="13cdc9d9-ddb5-4fa4-a97d-d965ccfc6d4b" outcome="Passed" testListId="8c84fa94-04c1-424b-9868-57a2d4851a1d" relativeResultsDirectory="441b41ae-42ab-4364-9ede-6a1abfe420e5" />
    <UnitTestResult executionId="e50641db-8103-450a-a2ae-0af5a58a24c7" testId="2e72e4f6-5d39-68a2-28f6-9d89ba0e1b5b" testName="Datatent2.Core.Tests.Page.GlobalAllocationMapPageTest.AcquireIdTest" computerName="DESKTOP-DLO7ESN" duration="00:00:00.0001716" startTime="2021-03-20T18:20:58.5799605+01:00" endTime="2021-03-20T18:20:58.5799612+01:00" testType="13cdc9d9-ddb5-4fa4-a97d-d965ccfc6d4b" outcome="Passed" testListId="8c84fa94-04c1-424b-9868-57a2d4851a1d" relativeResultsDirectory="e50641db-8103-450a-a2ae-0af5a58a24c7" />
    <UnitTestResult executionId="678a3f6b-7503-4817-a410-eed78a7a755f" testId="967b1b60-ba51-64a2-f3a1-4c48b0838283" testName="Datatent2.Core.Tests.Service.DataServiceTest.InsertMaxAmountOfEntriesPerPageTest" computerName="DESKTOP-DLO7ESN" duration="00:00:00.0017316" startTime="2021-03-20T18:20:58.6348005+01:00" endTime="2021-03-20T18:20:58.6348016+01:00" testType="13cdc9d9-ddb5-4fa4-a97d-d965ccfc6d4b" outcome="Failed" testListId="8c84fa94-04c1-424b-9868-57a2d4851a1d" relativeResultsDirectory="678a3f6b-7503-4817-a410-eed78a7a755f">
      <Output>
        <ErrorInfo>
          <Message>System.NullReferenceException : Object reference not set to an instance of an object.</Message>
          <StackTrace>   at Datatent2.Core.Services.Cache.CacheService.Add(BasePage page) in C:\Development\Datatent2\src\Datatent2.Core\Services\Cache\CacheService.cs:line 26&#xD;
   at Datatent2.Core.Services.Page.PageService.GetDataPageWithFreeSpace() in C:\Development\Datatent2\src\Datatent2.Core\Services\Page\PageService.cs:line 147&#xD;
   at Datatent2.Core.Services.Data.DataService.Insert(Object obj, Boolean delayWrite) in C:\Development\Datatent2\src\Datatent2.Core\Services\Data\DataService.cs:line 104&#xD;
   at Datatent2.Core.Tests.Service.DataServiceTest.InsertMaxAmountOfEntriesPerPageTest() in C:\Development\Datatent2\tests\Datatent2.Core.Tests\Service\DataServiceTest.cs:line 105&#xD;
--- End of stack trace from previous location ---</StackTrace>
        </ErrorInfo>
      </Output>
    </UnitTestResult>
    <UnitTestResult executionId="259de46d-dd3d-4405-997b-a27acc01ff92" testId="8f61178a-0704-9c66-7819-5528073bc2c1" testName="Datatent2.Core.Tests.Service.DataServiceTest.SimpleInsertTest" computerName="DESKTOP-DLO7ESN" duration="00:00:00.0013300" startTime="2021-03-20T18:20:58.6327746+01:00" endTime="2021-03-20T18:20:58.6327758+01:00" testType="13cdc9d9-ddb5-4fa4-a97d-d965ccfc6d4b" outcome="Failed" testListId="8c84fa94-04c1-424b-9868-57a2d4851a1d" relativeResultsDirectory="259de46d-dd3d-4405-997b-a27acc01ff92">
      <Output>
        <ErrorInfo>
          <Message>System.NullReferenceException : Object reference not set to an instance of an object.</Message>
          <StackTrace>   at Datatent2.Core.Services.Cache.CacheService.Add(BasePage page) in C:\Development\Datatent2\src\Datatent2.Core\Services\Cache\CacheService.cs:line 26&#xD;
   at Datatent2.Core.Services.Page.PageService.GetDataPageWithFreeSpace() in C:\Development\Datatent2\src\Datatent2.Core\Services\Page\PageService.cs:line 147&#xD;
   at Datatent2.Core.Services.Data.DataService.Insert(Object obj, Boolean delayWrite) in C:\Development\Datatent2\src\Datatent2.Core\Services\Data\DataService.cs:line 104&#xD;
   at Datatent2.Core.Tests.Service.DataServiceTest.SimpleInsertTest() in C:\Development\Datatent2\tests\Datatent2.Core.Tests\Service\DataServiceTest.cs:line 34&#xD;
--- End of stack trace from previous location ---</StackTrace>
        </ErrorInfo>
      </Output>
    </UnitTestResult>
    <UnitTestResult executionId="ba04868d-c983-448f-83f4-ed03d3604168" testId="770f0336-5cf3-42cb-a93b-c88fc98445de" testName="Datatent2.Core.Tests.Page.AllocationInformationPageTest.GetNextAllocationInformationPageIdTest" computerName="DESKTOP-DLO7ESN" duration="00:00:00.0018125" startTime="2021-03-20T18:20:58.5565611+01:00" endTime="2021-03-20T18:20:58.5565612+01:00" testType="13cdc9d9-ddb5-4fa4-a97d-d965ccfc6d4b" outcome="Passed" testListId="8c84fa94-04c1-424b-9868-57a2d4851a1d" relativeResultsDirectory="ba04868d-c983-448f-83f4-ed03d3604168" />
    <UnitTestResult executionId="4a259c32-f81d-4610-942c-f6c7273e91ee" testId="50d53324-9539-e7c0-d469-04df0a0c0637" testName="Datatent2.Core.Tests.Page.BasePageTest.GetMaxFreeSpace_End" computerName="DESKTOP-DLO7ESN" duration="00:00:00.0002587" startTime="2021-03-20T18:20:58.6063598+01:00" endTime="2021-03-20T18:20:58.6063603+01:00" testType="13cdc9d9-ddb5-4fa4-a97d-d965ccfc6d4b" outcome="Passed" testListId="8c84fa94-04c1-424b-9868-57a2d4851a1d" relativeResultsDirectory="4a259c32-f81d-4610-942c-f6c7273e91ee" />
    <UnitTestResult executionId="01f0d8c1-a2c2-4591-94ba-510c0532da38" testId="5d5b902d-7ce5-7c9d-72ea-a6c46588802d" testName="Datatent2.Core.Tests.Page.SlotEntryTest.EndPositionOfDataTest" computerName="DESKTOP-DLO7ESN" duration="00:00:00.0009655" startTime="2021-03-20T18:20:58.5566608+01:00" endTime="2021-03-20T18:20:58.5566609+01:00" testType="13cdc9d9-ddb5-4fa4-a97d-d965ccfc6d4b" outcome="Passed" testListId="8c84fa94-04c1-424b-9868-57a2d4851a1d" relativeResultsDirectory="01f0d8c1-a2c2-4591-94ba-510c0532da38" />
    <UnitTestResult executionId="dd12cbaa-c994-414f-a111-72d93386c505" testId="a922d675-037c-885c-3756-b3e3f02fbdfc" testName="Datatent2.Core.Tests.Page.GlobalAllocationMapPageTest.AcquireIdCompleteGamTest" computerName="DESKTOP-DLO7ESN" duration="00:00:00.1057612" startTime="2021-03-20T18:20:58.5796105+01:00" endTime="2021-03-20T18:20:58.5796113+01:00" testType="13cdc9d9-ddb5-4fa4-a97d-d965ccfc6d4b" outcome="Failed" testListId="8c84fa94-04c1-424b-9868-57a2d4851a1d" relativeResultsDirectory="dd12cbaa-c994-414f-a111-72d93386c505">
      <Output>
        <ErrorInfo>
          <Message>Shouldly.ShouldAssertException : (uint)nextId
    should be
386u
    but was&#xD;
433u</Message>
          <StackTrace>   at Datatent2.Core.Tests.Page.GlobalAllocationMapPageTest.AcquireIdCompleteGamTest() in C:\Development\Datatent2\tests\Datatent2.Core.Tests\Page\GlobalAllocationMapPageTest.cs:line 144</StackTrace>
        </ErrorInfo>
      </Output>
    </UnitTestResult>
    <UnitTestResult executionId="294fffaf-3db5-4b59-bf5b-1e6037b7552f" testId="43540452-2b24-f989-4ee2-55eff6386725" testName="Datatent2.Core.Tests.Service.DataServiceTest.LargeInsertTest" computerName="DESKTOP-DLO7ESN" duration="00:00:00.0020421" startTime="2021-03-20T18:20:58.6309929+01:00" endTime="2021-03-20T18:20:58.6309936+01:00" testType="13cdc9d9-ddb5-4fa4-a97d-d965ccfc6d4b" outcome="Failed" testListId="8c84fa94-04c1-424b-9868-57a2d4851a1d" relativeResultsDirectory="294fffaf-3db5-4b59-bf5b-1e6037b7552f">
      <Output>
        <ErrorInfo>
          <Message>System.NullReferenceException : Object reference not set to an instance of an object.</Message>
          <StackTrace>   at Datatent2.Core.Services.Cache.CacheService.Add(BasePage page) in C:\Development\Datatent2\src\Datatent2.Core\Services\Cache\CacheService.cs:line 26&#xD;
   at Datatent2.Core.Services.Page.PageService.GetDataPageWithFreeSpace() in C:\Development\Datatent2\src\Datatent2.Core\Services\Page\PageService.cs:line 147&#xD;
   at Datatent2.Core.Services.Data.DataService.Insert(Object obj, Boolean delayWrite) in C:\Development\Datatent2\src\Datatent2.Core\Services\Data\DataService.cs:line 104&#xD;
   at Datatent2.Core.Tests.Service.DataServiceTest.LargeInsertTest() in C:\Development\Datatent2\tests\Datatent2.Core.Tests\Service\DataServiceTest.cs:line 135&#xD;
--- End of stack trace from previous location ---</StackTrace>
        </ErrorInfo>
      </Output>
    </UnitTestResult>
    <UnitTestResult executionId="cedfa079-c312-46f1-8584-9db098059c1e" testId="77c06790-fe99-4493-fd5a-3b91db0605af" testName="Datatent2.Core.Tests.Page.SlotEntryTest.WriteAndReadTest" computerName="DESKTOP-DLO7ESN" duration="00:00:00.0018763" startTime="2021-03-20T18:20:58.5566054+01:00" endTime="2021-03-20T18:20:58.5566055+01:00" testType="13cdc9d9-ddb5-4fa4-a97d-d965ccfc6d4b" outcome="Passed" testListId="8c84fa94-04c1-424b-9868-57a2d4851a1d" relativeResultsDirectory="cedfa079-c312-46f1-8584-9db098059c1e" />
    <UnitTestResult executionId="c3196498-86b4-4c88-975e-ed1c68375ec2" testId="0b494be6-8111-d1fd-627f-f9293b5d7f89" testName="Datatent2.Core.Tests.Page.BasePageTest.DefragTest" computerName="DESKTOP-DLO7ESN" duration="00:00:00.0073835" startTime="2021-03-20T18:20:58.6051683+01:00" endTime="2021-03-20T18:20:58.6051697+01:00" testType="13cdc9d9-ddb5-4fa4-a97d-d965ccfc6d4b" outcome="Passed" testListId="8c84fa94-04c1-424b-9868-57a2d4851a1d" relativeResultsDirectory="c3196498-86b4-4c88-975e-ed1c68375ec2" />
    <UnitTestResult executionId="06b4255a-914e-4858-996b-cecb8c59be41" testId="6fa69bee-38fb-5493-b7da-9ebc7f988cd2" testName="Datatent2.Core.Tests.Page.BasePageTest.GetBytesByIndexTest" computerName="DESKTOP-DLO7ESN" duration="00:00:00.0215009" startTime="2021-03-20T18:20:58.5568071+01:00" endTime="2021-03-20T18:20:58.5568072+01:00" testType="13cdc9d9-ddb5-4fa4-a97d-d965ccfc6d4b" outcome="Passed" testListId="8c84fa94-04c1-424b-9868-57a2d4851a1d" relativeResultsDirectory="06b4255a-914e-4858-996b-cecb8c59be41" />
    <UnitTestResult executionId="4715aaca-b71e-4b97-9bb5-b4c7cfe3808d" testId="4549c134-5b5a-edf4-c05a-ce4c1f7153d8" testName="Datatent2.Core.Tests.Page.BasePageTest.InsertTest_Middle" computerName="DESKTOP-DLO7ESN" duration="00:00:00.0030120" startTime="2021-03-20T18:20:58.5977063+01:00" endTime="2021-03-20T18:20:58.5977070+01:00" testType="13cdc9d9-ddb5-4fa4-a97d-d965ccfc6d4b" outcome="Passed" testListId="8c84fa94-04c1-424b-9868-57a2d4851a1d" relativeResultsDirectory="4715aaca-b71e-4b97-9bb5-b4c7cfe3808d" />
    <UnitTestResult executionId="36e73e91-cf8f-4929-8f0b-e3870f39da7e" testId="e7a6ea5c-e6e1-f51e-30d3-ca95d0616446" testName="Datatent2.Core.Tests.Page.GlobalAllocationMapPageTest.TestFindEmptyId2" computerName="DESKTOP-DLO7ESN" duration="00:00:00.0002511" startTime="2021-03-20T18:20:58.5802551+01:00" endTime="2021-03-20T18:20:58.5802563+01:00" testType="13cdc9d9-ddb5-4fa4-a97d-d965ccfc6d4b" outcome="Passed" testListId="8c84fa94-04c1-424b-9868-57a2d4851a1d" relativeResultsDirectory="36e73e91-cf8f-4929-8f0b-e3870f39da7e" />
    <UnitTestResult executionId="15dacbd2-bbca-4c85-b3e2-b0144b2d72ad" testId="475bae9b-f954-eb62-82cb-0c0d227b1051" testName="Datatent2.Core.Tests.Service.DataServiceTest.SimpleInsertAndGetWithCheckpointTest" computerName="DESKTOP-DLO7ESN" duration="00:00:00.0423033" startTime="2021-03-20T18:20:58.6776960+01:00" endTime="2021-03-20T18:20:58.6776977+01:00" testType="13cdc9d9-ddb5-4fa4-a97d-d965ccfc6d4b" outcome="Failed" testListId="8c84fa94-04c1-424b-9868-57a2d4851a1d" relativeResultsDirectory="15dacbd2-bbca-4c85-b3e2-b0144b2d72ad">
      <Output>
        <ErrorInfo>
          <Message>System.NullReferenceException : Object reference not set to an instance of an object.</Message>
          <StackTrace>   at Datatent2.Core.Services.Cache.CacheService.Add(BasePage page) in C:\Development\Datatent2\src\Datatent2.Core\Services\Cache\CacheService.cs:line 26&#xD;
   at Datatent2.Core.Services.Page.PageService.GetDataPageWithFreeSpace() in C:\Development\Datatent2\src\Datatent2.Core\Services\Page\PageService.cs:line 147&#xD;
   at Datatent2.Core.Services.Data.DataService.Insert(Object obj, Boolean delayWrite) in C:\Development\Datatent2\src\Datatent2.Core\Services\Data\DataService.cs:line 104&#xD;
   at Datatent2.Core.Tests.Service.DataServiceTest.SimpleInsertAndGetWithCheckpointTest() in C:\Development\Datatent2\tests\Datatent2.Core.Tests\Service\DataServiceTest.cs:line 76&#xD;
--- End of stack trace from previous location ---</StackTrace>
        </ErrorInfo>
      </Output>
    </UnitTestResult>
    <UnitTestResult executionId="4f59b75c-b1d2-4eab-a27c-f772722b5cc4" testId="502641be-1d12-6146-4625-452dce890e4a" testName="Datatent2.Core.Tests.Service.DataServiceTest.SimpleInsertAndGetTest" computerName="DESKTOP-DLO7ESN" duration="00:00:00.0022148" startTime="2021-03-20T18:20:58.6801709+01:00" endTime="2021-03-20T18:20:58.6801722+01:00" testType="13cdc9d9-ddb5-4fa4-a97d-d965ccfc6d4b" outcome="Failed" testListId="8c84fa94-04c1-424b-9868-57a2d4851a1d" relativeResultsDirectory="4f59b75c-b1d2-4eab-a27c-f772722b5cc4">
      <Output>
        <ErrorInfo>
          <Message>System.NullReferenceException : Object reference not set to an instance of an object.</Message>
          <StackTrace>   at Datatent2.Core.Services.Cache.CacheService.Add(BasePage page) in C:\Development\Datatent2\src\Datatent2.Core\Services\Cache\CacheService.cs:line 26&#xD;
   at Datatent2.Core.Services.Page.PageService.GetDataPageWithFreeSpace() in C:\Development\Datatent2\src\Datatent2.Core\Services\Page\PageService.cs:line 147&#xD;
   at Datatent2.Core.Services.Data.DataService.Insert(Object obj, Boolean delayWrite) in C:\Development\Datatent2\src\Datatent2.Core\Services\Data\DataService.cs:line 104&#xD;
   at Datatent2.Core.Tests.Service.DataServiceTest.SimpleInsertAndGetTest() in C:\Development\Datatent2\tests\Datatent2.Core.Tests\Service\DataServiceTest.cs:line 54&#xD;
--- End of stack trace from previous location ---</StackTrace>
        </ErrorInfo>
      </Output>
    </UnitTestResult>
    <UnitTestResult executionId="dd9dba82-2cc8-4f14-9368-6fb15951fb07" testId="7aff30e8-b4e1-6f55-b98a-e17df039e18f" testName="Datatent2.Core.Tests.BrotliCompressionServiceTest.Compression" computerName="DESKTOP-DLO7ESN" duration="00:00:00.0623171" startTime="2021-03-20T18:20:58.5442916+01:00" endTime="2021-03-20T18:20:58.5442918+01:00" testType="13cdc9d9-ddb5-4fa4-a97d-d965ccfc6d4b" outcome="Passed" testListId="8c84fa94-04c1-424b-9868-57a2d4851a1d" relativeResultsDirectory="dd9dba82-2cc8-4f14-9368-6fb15951fb07" />
    <UnitTestResult executionId="99f9f17d-ba0e-4b4d-b827-0b53fd4f9317" testId="553883fc-925f-a17a-a8a2-e5c21534480d" testName="Datatent2.Core.Tests.Page.GlobalAllocationMapPageTest.TestFindEmptyId" computerName="DESKTOP-DLO7ESN" duration="00:00:00.0004107" startTime="2021-03-20T18:20:58.5797514+01:00" endTime="2021-03-20T18:20:58.5797519+01:00" testType="13cdc9d9-ddb5-4fa4-a97d-d965ccfc6d4b" outcome="Passed" testListId="8c84fa94-04c1-424b-9868-57a2d4851a1d" relativeResultsDirectory="99f9f17d-ba0e-4b4d-b827-0b53fd4f9317" />
    <UnitTestResult executionId="4b2fc416-654d-4334-8ee2-eae0cfeac8c7" testId="958c8b7c-cd3c-acfe-5f35-d5273f63dd5b" testName="Datatent2.Core.Tests.Page.SlotEntryTest.IsEmptyTest" computerName="DESKTOP-DLO7ESN" duration="00:00:00.0009440" startTime="2021-03-20T18:20:58.5440136+01:00" endTime="2021-03-20T18:20:58.5440140+01:00" testType="13cdc9d9-ddb5-4fa4-a97d-d965ccfc6d4b" outcome="Passed" testListId="8c84fa94-04c1-424b-9868-57a2d4851a1d" relativeResultsDirectory="4b2fc416-654d-4334-8ee2-eae0cfeac8c7" />
    <UnitTestResult executionId="3ab31f24-7f7a-48c3-b233-ef9e0158abcb" testId="f1bf1317-d35e-553d-07e3-2d25a0488e4e" testName="Datatent2.Core.Tests.Memory.UnmanagedBufferPoolTest.GetPointerTest" computerName="DESKTOP-DLO7ESN" duration="00:00:00.0488115" startTime="2021-03-20T18:20:58.5307750+01:00" endTime="2021-03-20T18:20:58.5311813+01:00" testType="13cdc9d9-ddb5-4fa4-a97d-d965ccfc6d4b" outcome="Passed" testListId="8c84fa94-04c1-424b-9868-57a2d4851a1d" relativeResultsDirectory="3ab31f24-7f7a-48c3-b233-ef9e0158abcb" />
    <UnitTestResult executionId="533955ac-a683-4421-8f74-987c571be194" testId="efde8c26-f216-ea68-5f40-67ce1838ff20" testName="Datatent2.Core.Tests.Service.DataServiceTest.LargeInsertAndGetWithCheckpointTest" computerName="DESKTOP-DLO7ESN" duration="00:00:00.1568212" startTime="2021-03-20T18:20:58.6285760+01:00" endTime="2021-03-20T18:20:58.6285773+01:00" testType="13cdc9d9-ddb5-4fa4-a97d-d965ccfc6d4b" outcome="Failed" testListId="8c84fa94-04c1-424b-9868-57a2d4851a1d" relativeResultsDirectory="533955ac-a683-4421-8f74-987c571be194">
      <Output>
        <ErrorInfo>
          <Message>System.NullReferenceException : Object reference not set to an instance of an object.</Message>
          <StackTrace>   at Datatent2.Core.Services.Cache.CacheService.Add(BasePage page) in C:\Development\Datatent2\src\Datatent2.Core\Services\Cache\CacheService.cs:line 26&#xD;
   at Datatent2.Core.Services.Page.PageService.GetDataPageWithFreeSpace() in C:\Development\Datatent2\src\Datatent2.Core\Services\Page\PageService.cs:line 147&#xD;
   at Datatent2.Core.Services.Data.DataService.Insert(Object obj, Boolean delayWrite) in C:\Development\Datatent2\src\Datatent2.Core\Services\Data\DataService.cs:line 104&#xD;
   at Datatent2.Core.Tests.Service.DataServiceTest.LargeInsertAndGetWithCheckpointTest() in C:\Development\Datatent2\tests\Datatent2.Core.Tests\Service\DataServiceTest.cs:line 165&#xD;
--- End of stack trace from previous location ---</StackTrace>
        </ErrorInfo>
      </Output>
    </UnitTestResult>
    <UnitTestResult executionId="81563c16-c37a-4413-8b63-1890bfe99378" testId="8b29579c-ebe9-376e-874c-492a3ff4b462" testName="Datatent2.Core.Tests.Page.SlotEntryTest.GetEntryPositionTest" computerName="DESKTOP-DLO7ESN" duration="00:00:00.0484271" startTime="2021-03-20T18:20:58.5413350+01:00" endTime="2021-03-20T18:20:58.5413355+01:00" testType="13cdc9d9-ddb5-4fa4-a97d-d965ccfc6d4b" outcome="Passed" testListId="8c84fa94-04c1-424b-9868-57a2d4851a1d" relativeResultsDirectory="81563c16-c37a-4413-8b63-1890bfe99378" />
    <UnitTestResult executionId="fe41d888-5b1f-4168-8f55-9c9157dddba1" testId="baa599d7-917d-b8c6-c201-d310b285b06a" testName="Datatent2.Core.Tests.Memory.UnmanagedBufferPoolTest.RentAndReturnTest" computerName="DESKTOP-DLO7ESN" duration="00:00:00.0015856" startTime="2021-03-20T18:20:58.5565279+01:00" endTime="2021-03-20T18:20:58.5565285+01:00" testType="13cdc9d9-ddb5-4fa4-a97d-d965ccfc6d4b" outcome="Passed" testListId="8c84fa94-04c1-424b-9868-57a2d4851a1d" relativeResultsDirectory="fe41d888-5b1f-4168-8f55-9c9157dddba1" />
    <UnitTestResult executionId="355face9-468a-4bfa-9539-55d1b8a2acd8" testId="02f7fb13-a36a-2b36-ae1d-4330d6bed1b4" testName="Datatent2.Core.Tests.Page.BasePageTest.GetMaxFreeSpace_Middle" computerName="DESKTOP-DLO7ESN" duration="00:00:00.0008568" startTime="2021-03-20T18:20:58.6060631+01:00" endTime="2021-03-20T18:20:58.6060634+01:00" testType="13cdc9d9-ddb5-4fa4-a97d-d965ccfc6d4b" outcome="Passed" testListId="8c84fa94-04c1-424b-9868-57a2d4851a1d" relativeResultsDirectory="355face9-468a-4bfa-9539-55d1b8a2acd8" />
    <UnitTestResult executionId="24f30976-a61c-49e0-8e68-b934783c2083" testId="99261c9c-3be3-711c-8119-60f520f8d714" testName="Datatent2.Core.Tests.Scripting.JavascriptScriptingEngineTest.CheckBoolProp" computerName="DESKTOP-DLO7ESN" duration="00:00:00.1216641" startTime="2021-03-20T18:20:58.5923070+01:00" endTime="2021-03-20T18:20:58.5923079+01:00" testType="13cdc9d9-ddb5-4fa4-a97d-d965ccfc6d4b" outcome="Passed" testListId="8c84fa94-04c1-424b-9868-57a2d4851a1d" relativeResultsDirectory="24f30976-a61c-49e0-8e68-b934783c2083" />
    <UnitTestResult executionId="4eb83de1-e93a-4d2d-ade1-9c7e8517c9d3" testId="ffcfb1df-b22c-eb6b-9fd3-37d8322f9585" testName="Datatent2.Core.Tests.Page.GlobalAllocationMapPageTest.AcquireIdTestNotFirstGam" computerName="DESKTOP-DLO7ESN" duration="00:00:00.0001602" startTime="2021-03-20T18:20:58.5804252+01:00" endTime="2021-03-20T18:20:58.5804254+01:00" testType="13cdc9d9-ddb5-4fa4-a97d-d965ccfc6d4b" outcome="Passed" testListId="8c84fa94-04c1-424b-9868-57a2d4851a1d" relativeResultsDirectory="4eb83de1-e93a-4d2d-ade1-9c7e8517c9d3" />
    <UnitTestResult executionId="f7d86c1a-d255-4801-915c-7c019edcea62" testId="920f4e6e-73f9-10c6-55e2-50a1d8fe8662" testName="Datatent2.Core.Tests.Scripting.CsharpScriptingEngineTest.CheckBoolProp" computerName="DESKTOP-DLO7ESN" duration="00:00:01.1403700" startTime="2021-03-20T18:20:59.6112391+01:00" endTime="2021-03-20T18:20:59.6112434+01:00" testType="13cdc9d9-ddb5-4fa4-a97d-d965ccfc6d4b" outcome="Passed" testListId="8c84fa94-04c1-424b-9868-57a2d4851a1d" relativeResultsDirectory="f7d86c1a-d255-4801-915c-7c019edcea62" />
    <UnitTestResult executionId="e2e15d70-dbb3-42de-b1a0-2b0f83a07b22" testId="471f6078-bcec-5e8c-aebf-a5d444fd146b" testName="Datatent2.Core.Tests.Page.BasePageTest.DeleteTest" computerName="DESKTOP-DLO7ESN" duration="00:00:00.0317846" startTime="2021-03-20T18:20:58.5946358+01:00" endTime="2021-03-20T18:20:58.5946368+01:00" testType="13cdc9d9-ddb5-4fa4-a97d-d965ccfc6d4b" outcome="Passed" testListId="8c84fa94-04c1-424b-9868-57a2d4851a1d" relativeResultsDirectory="e2e15d70-dbb3-42de-b1a0-2b0f83a07b22" />
    <UnitTestResult executionId="a4b4a583-a4bc-4726-bdea-fc91821b1028" testId="04108fb0-e4f4-5374-89eb-40eb7a53d815" testName="Datatent2.Core.Tests.Page.AllocationInformationPageTest.GetAllocationInformationEntryTest" computerName="DESKTOP-DLO7ESN" duration="00:00:00.0489425" startTime="2021-03-20T18:20:58.5413642+01:00" endTime="2021-03-20T18:20:58.5413643+01:00" testType="13cdc9d9-ddb5-4fa4-a97d-d965ccfc6d4b" outcome="Passed" testListId="8c84fa94-04c1-424b-9868-57a2d4851a1d" relativeResultsDirectory="a4b4a583-a4bc-4726-bdea-fc91821b1028" />
    <UnitTestResult executionId="57eec568-cb36-419c-8491-3084a68a3c0a" testId="18da4cbd-c2ce-79b1-d0d7-778c5ddd401c" testName="Datatent2.Core.Tests.Page.BasePageTest.InsertTest_MaxCount" computerName="DESKTOP-DLO7ESN" duration="00:00:00.0058564" startTime="2021-03-20T18:20:58.5594542+01:00" endTime="2021-03-20T18:20:58.5594549+01:00" testType="13cdc9d9-ddb5-4fa4-a97d-d965ccfc6d4b" outcome="Passed" testListId="8c84fa94-04c1-424b-9868-57a2d4851a1d" relativeResultsDirectory="57eec568-cb36-419c-8491-3084a68a3c0a" />
    <UnitTestResult executionId="f3ef5c06-ee70-449c-8be4-98fc944af6ce" testId="dfaaae34-b3da-414b-655a-07b216764051" testName="Datatent2.Core.Tests.Service.PageServiceTest.GetFreeDataPageTest_NewPage" computerName="DESKTOP-DLO7ESN" duration="00:00:00.0707929" startTime="2021-03-20T18:20:58.5784038+01:00" endTime="2021-03-20T18:20:58.5784051+01:00" testType="13cdc9d9-ddb5-4fa4-a97d-d965ccfc6d4b" outcome="Failed" testListId="8c84fa94-04c1-424b-9868-57a2d4851a1d" relativeResultsDirectory="f3ef5c06-ee70-449c-8be4-98fc944af6ce">
      <Output>
        <ErrorInfo>
          <Message>System.NullReferenceException : Object reference not set to an instance of an object.</Message>
          <StackTrace>   at Datatent2.Core.Services.Cache.CacheService.Add(BasePage page) in C:\Development\Datatent2\src\Datatent2.Core\Services\Cache\CacheService.cs:line 26&#xD;
   at Datatent2.Core.Services.Page.PageService.GetDataPageWithFreeSpace() in C:\Development\Datatent2\src\Datatent2.Core\Services\Page\PageService.cs:line 147&#xD;
   at Datatent2.Core.Tests.Service.PageServiceTest.GetFreeDataPageTest_NewPage() in C:\Development\Datatent2\tests\Datatent2.Core.Tests\Service\PageServiceTest.cs:line 31&#xD;
   at System.Threading.Tasks.Task.&lt;&gt;c.&lt;ThrowAsync&gt;b__140_0(Object state)</StackTrace>
        </ErrorInfo>
      </Output>
    </UnitTestResult>
    <UnitTestResult executionId="107bee10-5bd1-4308-a49f-fade8e64c7a3" testId="5415fbde-e341-9e80-e60a-a1ea9e4766ce" testName="Datatent2.Core.Tests.Page.BasePageTest.InsertTest_Continuous" computerName="DESKTOP-DLO7ESN" duration="00:00:00.0535926" startTime="2021-03-20T18:20:58.5413745+01:00" endTime="2021-03-20T18:20:58.5413746+01:00" testType="13cdc9d9-ddb5-4fa4-a97d-d965ccfc6d4b" outcome="Passed" testListId="8c84fa94-04c1-424b-9868-57a2d4851a1d" relativeResultsDirectory="107bee10-5bd1-4308-a49f-fade8e64c7a3" />
    <UnitTestResult executionId="d586a29f-6edb-477f-9c88-eb2ffe233f7d" testId="d3c7d8ce-9c9c-ab47-86cd-a0f32a5a7773" testName="Datatent2.Core.Tests.Page.BasePageTest.FindFreeSpaceBetweenTest_EmptySpaceOnStart" computerName="DESKTOP-DLO7ESN" duration="00:00:00.0032670" startTime="2021-03-20T18:20:58.5627890+01:00" endTime="2021-03-20T18:20:58.5627898+01:00" testType="13cdc9d9-ddb5-4fa4-a97d-d965ccfc6d4b" outcome="Passed" testListId="8c84fa94-04c1-424b-9868-57a2d4851a1d" relativeResultsDirectory="d586a29f-6edb-477f-9c88-eb2ffe233f7d" />
    <UnitTestResult executionId="1058903e-46f3-46bf-98a3-1e717a3ca633" testId="d5f78033-3eb8-89be-c400-7d21a1af6fca" testName="Datatent2.Core.Tests.Page.AllocationInformationPageTest.IsAllocationInformationPageTest" computerName="DESKTOP-DLO7ESN" duration="00:00:00.0025209" startTime="2021-03-20T18:20:58.5566850+01:00" endTime="2021-03-20T18:20:58.5566851+01:00" testType="13cdc9d9-ddb5-4fa4-a97d-d965ccfc6d4b" outcome="Passed" testListId="8c84fa94-04c1-424b-9868-57a2d4851a1d" relativeResultsDirectory="1058903e-46f3-46bf-98a3-1e717a3ca633" />
  </Results>
  <TestDefinitions>
    <UnitTest name="Datatent2.Core.Tests.Page.BasePageTest.DeleteTest" storage="c:\development\datatent2\tests\datatent2.core.tests\bin\debug\net5.0\datatent2.core.tests.dll" id="471f6078-bcec-5e8c-aebf-a5d444fd146b">
      <Execution id="e2e15d70-dbb3-42de-b1a0-2b0f83a07b22" />
      <TestMethod codeBase="C:\Development\Datatent2\tests\Datatent2.Core.Tests\bin\Debug\net5.0\Datatent2.Core.Tests.dll" adapterTypeName="executor://xunit/VsTestRunner2/netcoreapp" className="Datatent2.Core.Tests.Page.BasePageTest" name="DeleteTest" />
    </UnitTest>
    <UnitTest name="Datatent2.Core.Tests.Service.DataServiceTest.LargeInsertAndGetWithCheckpointTest" storage="c:\development\datatent2\tests\datatent2.core.tests\bin\debug\net5.0\datatent2.core.tests.dll" id="efde8c26-f216-ea68-5f40-67ce1838ff20">
      <Execution id="533955ac-a683-4421-8f74-987c571be194" />
      <TestMethod codeBase="C:\Development\Datatent2\tests\Datatent2.Core.Tests\bin\Debug\net5.0\Datatent2.Core.Tests.dll" adapterTypeName="executor://xunit/VsTestRunner2/netcoreapp" className="Datatent2.Core.Tests.Service.DataServiceTest" name="LargeInsertAndGetWithCheckpointTest" />
    </UnitTest>
    <UnitTest name="Datatent2.Core.Tests.Page.BasePageTest.GetMaxFreeSpace_End" storage="c:\development\datatent2\tests\datatent2.core.tests\bin\debug\net5.0\datatent2.core.tests.dll" id="50d53324-9539-e7c0-d469-04df0a0c0637">
      <Execution id="4a259c32-f81d-4610-942c-f6c7273e91ee" />
      <TestMethod codeBase="C:\Development\Datatent2\tests\Datatent2.Core.Tests\bin\Debug\net5.0\Datatent2.Core.Tests.dll" adapterTypeName="executor://xunit/VsTestRunner2/netcoreapp" className="Datatent2.Core.Tests.Page.BasePageTest" name="GetMaxFreeSpace_End" />
    </UnitTest>
    <UnitTest name="Datatent2.Core.Tests.Page.GlobalAllocationMapPageTest.TestFindEmptyId" storage="c:\development\datatent2\tests\datatent2.core.tests\bin\debug\net5.0\datatent2.core.tests.dll" id="553883fc-925f-a17a-a8a2-e5c21534480d">
      <Execution id="99f9f17d-ba0e-4b4d-b827-0b53fd4f9317" />
      <TestMethod codeBase="C:\Development\Datatent2\tests\Datatent2.Core.Tests\bin\Debug\net5.0\Datatent2.Core.Tests.dll" adapterTypeName="executor://xunit/VsTestRunner2/netcoreapp" className="Datatent2.Core.Tests.Page.GlobalAllocationMapPageTest" name="TestFindEmptyId" />
    </UnitTest>
    <UnitTest name="Datatent2.Core.Tests.Service.PageServiceTest.GetFreeDataPageTest_NewPage" storage="c:\development\datatent2\tests\datatent2.core.tests\bin\debug\net5.0\datatent2.core.tests.dll" id="dfaaae34-b3da-414b-655a-07b216764051">
      <Execution id="f3ef5c06-ee70-449c-8be4-98fc944af6ce" />
      <TestMethod codeBase="C:\Development\Datatent2\tests\Datatent2.Core.Tests\bin\Debug\net5.0\Datatent2.Core.Tests.dll" adapterTypeName="executor://xunit/VsTestRunner2/netcoreapp" className="Datatent2.Core.Tests.Service.PageServiceTest" name="GetFreeDataPageTest_NewPage" />
    </UnitTest>
    <UnitTest name="Datatent2.Core.Tests.Scripting.CsharpScriptingEngineTest.CheckBoolProp" storage="c:\development\datatent2\tests\datatent2.core.tests\bin\debug\net5.0\datatent2.core.tests.dll" id="920f4e6e-73f9-10c6-55e2-50a1d8fe8662">
      <Execution id="f7d86c1a-d255-4801-915c-7c019edcea62" />
      <TestMethod codeBase="C:\Development\Datatent2\tests\Datatent2.Core.Tests\bin\Debug\net5.0\Datatent2.Core.Tests.dll" adapterTypeName="executor://xunit/VsTestRunner2/netcoreapp" className="Datatent2.Core.Tests.Scripting.CsharpScriptingEngineTest" name="CheckBoolProp" />
    </UnitTest>
    <UnitTest name="Datatent2.Core.Tests.Scripting.LuaScriptingEngineTest.CheckBoolProp" storage="c:\development\datatent2\tests\datatent2.core.tests\bin\debug\net5.0\datatent2.core.tests.dll" id="5ea346f3-62ff-036b-92ab-34912548a8d3">
      <Execution id="441b41ae-42ab-4364-9ede-6a1abfe420e5" />
      <TestMethod codeBase="C:\Development\Datatent2\tests\Datatent2.Core.Tests\bin\Debug\net5.0\Datatent2.Core.Tests.dll" adapterTypeName="executor://xunit/VsTestRunner2/netcoreapp" className="Datatent2.Core.Tests.Scripting.LuaScriptingEngineTest" name="CheckBoolProp" />
    </UnitTest>
    <UnitTest name="Datatent2.Core.Tests.Page.GlobalAllocationMapPageTest.AcquireIdTest" storage="c:\development\datatent2\tests\datatent2.core.tests\bin\debug\net5.0\datatent2.core.tests.dll" id="2e72e4f6-5d39-68a2-28f6-9d89ba0e1b5b">
      <Execution id="e50641db-8103-450a-a2ae-0af5a58a24c7" />
      <TestMethod codeBase="C:\Development\Datatent2\tests\Datatent2.Core.Tests\bin\Debug\net5.0\Datatent2.Core.Tests.dll" adapterTypeName="executor://xunit/VsTestRunner2/netcoreapp" className="Datatent2.Core.Tests.Page.GlobalAllocationMapPageTest" name="AcquireIdTest" />
    </UnitTest>
    <UnitTest name="Datatent2.Core.Tests.Service.DataServiceTest.SimpleInsertAndGetWithCheckpointTest" storage="c:\development\datatent2\tests\datatent2.core.tests\bin\debug\net5.0\datatent2.core.tests.dll" id="475bae9b-f954-eb62-82cb-0c0d227b1051">
      <Execution id="15dacbd2-bbca-4c85-b3e2-b0144b2d72ad" />
      <TestMethod codeBase="C:\Development\Datatent2\tests\Datatent2.Core.Tests\bin\Debug\net5.0\Datatent2.Core.Tests.dll" adapterTypeName="executor://xunit/VsTestRunner2/netcoreapp" className="Datatent2.Core.Tests.Service.DataServiceTest" name="SimpleInsertAndGetWithCheckpointTest" />
    </UnitTest>
    <UnitTest name="Datatent2.Core.Tests.Page.AllocationInformationPageTest.GetAllocationInformationEntryTest" storage="c:\development\datatent2\tests\datatent2.core.tests\bin\debug\net5.0\datatent2.core.tests.dll" id="04108fb0-e4f4-5374-89eb-40eb7a53d815">
      <Execution id="a4b4a583-a4bc-4726-bdea-fc91821b1028" />
      <TestMethod codeBase="C:\Development\Datatent2\tests\Datatent2.Core.Tests\bin\Debug\net5.0\Datatent2.Core.Tests.dll" adapterTypeName="executor://xunit/VsTestRunner2/netcoreapp" className="Datatent2.Core.Tests.Page.AllocationInformationPageTest" name="GetAllocationInformationEntryTest" />
    </UnitTest>
    <UnitTest name="Datatent2.Core.Tests.Page.SlotEntryTest.IsEmptyTest" storage="c:\development\datatent2\tests\datatent2.core.tests\bin\debug\net5.0\datatent2.core.tests.dll" id="958c8b7c-cd3c-acfe-5f35-d5273f63dd5b">
      <Execution id="4b2fc416-654d-4334-8ee2-eae0cfeac8c7" />
      <TestMethod codeBase="C:\Development\Datatent2\tests\Datatent2.Core.Tests\bin\Debug\net5.0\Datatent2.Core.Tests.dll" adapterTypeName="executor://xunit/VsTestRunner2/netcoreapp" className="Datatent2.Core.Tests.Page.SlotEntryTest" name="IsEmptyTest" />
    </UnitTest>
    <UnitTest name="Datatent2.Core.Tests.Service.DataServiceTest.SimpleInsertTest" storage="c:\development\datatent2\tests\datatent2.core.tests\bin\debug\net5.0\datatent2.core.tests.dll" id="8f61178a-0704-9c66-7819-5528073bc2c1">
      <Execution id="259de46d-dd3d-4405-997b-a27acc01ff92" />
      <TestMethod codeBase="C:\Development\Datatent2\tests\Datatent2.Core.Tests\bin\Debug\net5.0\Datatent2.Core.Tests.dll" adapterTypeName="executor://xunit/VsTestRunner2/netcoreapp" className="Datatent2.Core.Tests.Service.DataServiceTest" name="SimpleInsertTest" />
    </UnitTest>
    <UnitTest name="Datatent2.Core.Tests.Service.DataServiceTest.SimpleInsertAndGetTest" storage="c:\development\datatent2\tests\datatent2.core.tests\bin\debug\net5.0\datatent2.core.tests.dll" id="502641be-1d12-6146-4625-452dce890e4a">
      <Execution id="4f59b75c-b1d2-4eab-a27c-f772722b5cc4" />
      <TestMethod codeBase="C:\Development\Datatent2\tests\Datatent2.Core.Tests\bin\Debug\net5.0\Datatent2.Core.Tests.dll" adapterTypeName="executor://xunit/VsTestRunner2/netcoreapp" className="Datatent2.Core.Tests.Service.DataServiceTest" name="SimpleInsertAndGetTest" />
    </UnitTest>
    <UnitTest name="Datatent2.Core.Tests.Page.GlobalAllocationMapPageTest.AcquireIdCompleteGamTest" storage="c:\development\datatent2\tests\datatent2.core.tests\bin\debug\net5.0\datatent2.core.tests.dll" id="a922d675-037c-885c-3756-b3e3f02fbdfc">
      <Execution id="dd12cbaa-c994-414f-a111-72d93386c505" />
      <TestMethod codeBase="C:\Development\Datatent2\tests\Datatent2.Core.Tests\bin\Debug\net5.0\Datatent2.Core.Tests.dll" adapterTypeName="executor://xunit/VsTestRunner2/netcoreapp" className="Datatent2.Core.Tests.Page.GlobalAllocationMapPageTest" name="AcquireIdCompleteGamTest" />
    </UnitTest>
    <UnitTest name="Datatent2.Core.Tests.Page.AllocationInformationPageTest.GetNextAllocationInformationPageIdTest" storage="c:\development\datatent2\tests\datatent2.core.tests\bin\debug\net5.0\datatent2.core.tests.dll" id="770f0336-5cf3-42cb-a93b-c88fc98445de">
      <Execution id="ba04868d-c983-448f-83f4-ed03d3604168" />
      <TestMethod codeBase="C:\Development\Datatent2\tests\Datatent2.Core.Tests\bin\Debug\net5.0\Datatent2.Core.Tests.dll" adapterTypeName="executor://xunit/VsTestRunner2/netcoreapp" className="Datatent2.Core.Tests.Page.AllocationInformationPageTest" name="GetNextAllocationInformationPageIdTest" />
    </UnitTest>
    <UnitTest name="Datatent2.Core.Tests.Page.AllocationInformationPageTest.IsAllocationInformationPageTest" storage="c:\development\datatent2\tests\datatent2.core.tests\bin\debug\net5.0\datatent2.core.tests.dll" id="d5f78033-3eb8-89be-c400-7d21a1af6fca">
      <Execution id="1058903e-46f3-46bf-98a3-1e717a3ca633" />
      <TestMethod codeBase="C:\Development\Datatent2\tests\Datatent2.Core.Tests\bin\Debug\net5.0\Datatent2.Core.Tests.dll" adapterTypeName="executor://xunit/VsTestRunner2/netcoreapp" className="Datatent2.Core.Tests.Page.AllocationInformationPageTest" name="IsAllocationInformationPageTest" />
    </UnitTest>
    <UnitTest name="Datatent2.Core.Tests.Page.BasePageTest.InsertTest_Middle" storage="c:\development\datatent2\tests\datatent2.core.tests\bin\debug\net5.0\datatent2.core.tests.dll" id="4549c134-5b5a-edf4-c05a-ce4c1f7153d8">
      <Execution id="4715aaca-b71e-4b97-9bb5-b4c7cfe3808d" />
      <TestMethod codeBase="C:\Development\Datatent2\tests\Datatent2.Core.Tests\bin\Debug\net5.0\Datatent2.Core.Tests.dll" adapterTypeName="executor://xunit/VsTestRunner2/netcoreapp" className="Datatent2.Core.Tests.Page.BasePageTest" name="InsertTest_Middle" />
    </UnitTest>
    <UnitTest name="Datatent2.Core.Tests.Service.DataServiceTest.InsertMaxAmountOfEntriesPerPageTest" storage="c:\development\datatent2\tests\datatent2.core.tests\bin\debug\net5.0\datatent2.core.tests.dll" id="967b1b60-ba51-64a2-f3a1-4c48b0838283">
      <Execution id="678a3f6b-7503-4817-a410-eed78a7a755f" />
      <TestMethod codeBase="C:\Development\Datatent2\tests\Datatent2.Core.Tests\bin\Debug\net5.0\Datatent2.Core.Tests.dll" adapterTypeName="executor://xunit/VsTestRunner2/netcoreapp" className="Datatent2.Core.Tests.Service.DataServiceTest" name="InsertMaxAmountOfEntriesPerPageTest" />
    </UnitTest>
    <UnitTest name="Datatent2.Core.Tests.Page.BasePageTest.DefragTest" storage="c:\development\datatent2\tests\datatent2.core.tests\bin\debug\net5.0\datatent2.core.tests.dll" id="0b494be6-8111-d1fd-627f-f9293b5d7f89">
      <Execution id="c3196498-86b4-4c88-975e-ed1c68375ec2" />
      <TestMethod codeBase="C:\Development\Datatent2\tests\Datatent2.Core.Tests\bin\Debug\net5.0\Datatent2.Core.Tests.dll" adapterTypeName="executor://xunit/VsTestRunner2/netcoreapp" className="Datatent2.Core.Tests.Page.BasePageTest" name="DefragTest" />
    </UnitTest>
    <UnitTest name="Datatent2.Core.Tests.Page.BasePageTest.FindFreeSpaceBetweenTest_EmptySpaceOnStart" storage="c:\development\datatent2\tests\datatent2.core.tests\bin\debug\net5.0\datatent2.core.tests.dll" id="d3c7d8ce-9c9c-ab47-86cd-a0f32a5a7773">
      <Execution id="d586a29f-6edb-477f-9c88-eb2ffe233f7d" />
      <TestMethod codeBase="C:\Development\Datatent2\tests\Datatent2.Core.Tests\bin\Debug\net5.0\Datatent2.Core.Tests.dll" adapterTypeName="executor://xunit/VsTestRunner2/netcoreapp" className="Datatent2.Core.Tests.Page.BasePageTest" name="FindFreeSpaceBetweenTest_EmptySpaceOnStart" />
    </UnitTest>
    <UnitTest name="Datatent2.Core.Tests.BrotliCompressionServiceTest.Compression" storage="c:\development\datatent2\tests\datatent2.core.tests\bin\debug\net5.0\datatent2.core.tests.dll" id="7aff30e8-b4e1-6f55-b98a-e17df039e18f">
      <Execution id="dd9dba82-2cc8-4f14-9368-6fb15951fb07" />
      <TestMethod codeBase="C:\Development\Datatent2\tests\Datatent2.Core.Tests\bin\Debug\net5.0\Datatent2.Core.Tests.dll" adapterTypeName="executor://xunit/VsTestRunner2/netcoreapp" className="Datatent2.Core.Tests.BrotliCompressionServiceTest" name="Compression" />
    </UnitTest>
    <UnitTest name="Datatent2.Core.Tests.Service.DataServiceTest.LargeInsertTest" storage="c:\development\datatent2\tests\datatent2.core.tests\bin\debug\net5.0\datatent2.core.tests.dll" id="43540452-2b24-f989-4ee2-55eff6386725">
      <Execution id="294fffaf-3db5-4b59-bf5b-1e6037b7552f" />
      <TestMethod codeBase="C:\Development\Datatent2\tests\Datatent2.Core.Tests\bin\Debug\net5.0\Datatent2.Core.Tests.dll" adapterTypeName="executor://xunit/VsTestRunner2/netcoreapp" className="Datatent2.Core.Tests.Service.DataServiceTest" name="LargeInsertTest" />
    </UnitTest>
    <UnitTest name="Datatent2.Core.Tests.Page.GlobalAllocationMapPageTest.AcquireIdTestNotFirstGam" storage="c:\development\datatent2\tests\datatent2.core.tests\bin\debug\net5.0\datatent2.core.tests.dll" id="ffcfb1df-b22c-eb6b-9fd3-37d8322f9585">
      <Execution id="4eb83de1-e93a-4d2d-ade1-9c7e8517c9d3" />
      <TestMethod codeBase="C:\Development\Datatent2\tests\Datatent2.Core.Tests\bin\Debug\net5.0\Datatent2.Core.Tests.dll" adapterTypeName="executor://xunit/VsTestRunner2/netcoreapp" className="Datatent2.Core.Tests.Page.GlobalAllocationMapPageTest" name="AcquireIdTestNotFirstGam" />
    </UnitTest>
    <UnitTest name="Datatent2.Core.Tests.Page.BasePageTest.GetMaxFreeSpace_Middle" storage="c:\development\datatent2\tests\datatent2.core.tests\bin\debug\net5.0\datatent2.core.tests.dll" id="02f7fb13-a36a-2b36-ae1d-4330d6bed1b4">
      <Execution id="355face9-468a-4bfa-9539-55d1b8a2acd8" />
      <TestMethod codeBase="C:\Development\Datatent2\tests\Datatent2.Core.Tests\bin\Debug\net5.0\Datatent2.Core.Tests.dll" adapterTypeName="executor://xunit/VsTestRunner2/netcoreapp" className="Datatent2.Core.Tests.Page.BasePageTest" name="GetMaxFreeSpace_Middle" />
    </UnitTest>
    <UnitTest name="Datatent2.Core.Tests.Page.SlotEntryTest.WriteAndReadTest" storage="c:\development\datatent2\tests\datatent2.core.tests\bin\debug\net5.0\datatent2.core.tests.dll" id="77c06790-fe99-4493-fd5a-3b91db0605af">
      <Execution id="cedfa079-c312-46f1-8584-9db098059c1e" />
      <TestMethod codeBase="C:\Development\Datatent2\tests\Datatent2.Core.Tests\bin\Debug\net5.0\Datatent2.Core.Tests.dll" adapterTypeName="executor://xunit/VsTestRunner2/netcoreapp" className="Datatent2.Core.Tests.Page.SlotEntryTest" name="WriteAndReadTest" />
    </UnitTest>
    <UnitTest name="Datatent2.Core.Tests.Page.SlotEntryTest.EndPositionOfDataTest" storage="c:\development\datatent2\tests\datatent2.core.tests\bin\debug\net5.0\datatent2.core.tests.dll" id="5d5b902d-7ce5-7c9d-72ea-a6c46588802d">
      <Execution id="01f0d8c1-a2c2-4591-94ba-510c0532da38" />
      <TestMethod codeBase="C:\Development\Datatent2\tests\Datatent2.Core.Tests\bin\Debug\net5.0\Datatent2.Core.Tests.dll" adapterTypeName="executor://xunit/VsTestRunner2/netcoreapp" className="Datatent2.Core.Tests.Page.SlotEntryTest" name="EndPositionOfDataTest" />
    </UnitTest>
    <UnitTest name="Datatent2.Core.Tests.Page.GlobalAllocationMapPageTest.TestFindEmptyId2" storage="c:\development\datatent2\tests\datatent2.core.tests\bin\debug\net5.0\datatent2.core.tests.dll" id="e7a6ea5c-e6e1-f51e-30d3-ca95d0616446">
      <Execution id="36e73e91-cf8f-4929-8f0b-e3870f39da7e" />
      <TestMethod codeBase="C:\Development\Datatent2\tests\Datatent2.Core.Tests\bin\Debug\net5.0\Datatent2.Core.Tests.dll" adapterTypeName="executor://xunit/VsTestRunner2/netcoreapp" className="Datatent2.Core.Tests.Page.GlobalAllocationMapPageTest" name="TestFindEmptyId2" />
    </UnitTest>
    <UnitTest name="Datatent2.Core.Tests.Memory.UnmanagedBufferPoolTest.GetPointerTest" storage="c:\development\datatent2\tests\datatent2.core.tests\bin\debug\net5.0\datatent2.core.tests.dll" id="f1bf1317-d35e-553d-07e3-2d25a0488e4e">
      <Execution id="3ab31f24-7f7a-48c3-b233-ef9e0158abcb" />
      <TestMethod codeBase="C:\Development\Datatent2\tests\Datatent2.Core.Tests\bin\Debug\net5.0\Datatent2.Core.Tests.dll" adapterTypeName="executor://xunit/VsTestRunner2/netcoreapp" className="Datatent2.Core.Tests.Memory.UnmanagedBufferPoolTest" name="GetPointerTest" />
    </UnitTest>
    <UnitTest name="Datatent2.Core.Tests.Memory.UnmanagedBufferPoolTest.RentAndReturnTest" storage="c:\development\datatent2\tests\datatent2.core.tests\bin\debug\net5.0\datatent2.core.tests.dll" id="baa599d7-917d-b8c6-c201-d310b285b06a">
      <Execution id="fe41d888-5b1f-4168-8f55-9c9157dddba1" />
      <TestMethod codeBase="C:\Development\Datatent2\tests\Datatent2.Core.Tests\bin\Debug\net5.0\Datatent2.Core.Tests.dll" adapterTypeName="executor://xunit/VsTestRunner2/netcoreapp" className="Datatent2.Core.Tests.Memory.UnmanagedBufferPoolTest" name="RentAndReturnTest" />
    </UnitTest>
    <UnitTest name="Datatent2.Core.Tests.Page.BasePageTest.InsertTest_MaxCount" storage="c:\development\datatent2\tests\datatent2.core.tests\bin\debug\net5.0\datatent2.core.tests.dll" id="18da4cbd-c2ce-79b1-d0d7-778c5ddd401c">
      <Execution id="57eec568-cb36-419c-8491-3084a68a3c0a" />
      <TestMethod codeBase="C:\Development\Datatent2\tests\Datatent2.Core.Tests\bin\Debug\net5.0\Datatent2.Core.Tests.dll" adapterTypeName="executor://xunit/VsTestRunner2/netcoreapp" className="Datatent2.Core.Tests.Page.BasePageTest" name="InsertTest_MaxCount" />
    </UnitTest>
    <UnitTest name="Datatent2.Core.Tests.Page.BasePageTest.GetBytesByIndexTest" storage="c:\development\datatent2\tests\datatent2.core.tests\bin\debug\net5.0\datatent2.core.tests.dll" id="6fa69bee-38fb-5493-b7da-9ebc7f988cd2">
      <Execution id="06b4255a-914e-4858-996b-cecb8c59be41" />
      <TestMethod codeBase="C:\Development\Datatent2\tests\Datatent2.Core.Tests\bin\Debug\net5.0\Datatent2.Core.Tests.dll" adapterTypeName="executor://xunit/VsTestRunner2/netcoreapp" className="Datatent2.Core.Tests.Page.BasePageTest" name="GetBytesByIndexTest" />
    </UnitTest>
    <UnitTest name="Datatent2.Core.Tests.Page.SlotEntryTest.GetEntryPositionTest" storage="c:\development\datatent2\tests\datatent2.core.tests\bin\debug\net5.0\datatent2.core.tests.dll" id="8b29579c-ebe9-376e-874c-492a3ff4b462">
      <Execution id="81563c16-c37a-4413-8b63-1890bfe99378" />
      <TestMethod codeBase="C:\Development\Datatent2\tests\Datatent2.Core.Tests\bin\Debug\net5.0\Datatent2.Core.Tests.dll" adapterTypeName="executor://xunit/VsTestRunner2/netcoreapp" className="Datatent2.Core.Tests.Page.SlotEntryTest" name="GetEntryPositionTest" />
    </UnitTest>
    <UnitTest name="Datatent2.Core.Tests.Scripting.JavascriptScriptingEngineTest.CheckBoolProp" storage="c:\development\datatent2\tests\datatent2.core.tests\bin\debug\net5.0\datatent2.core.tests.dll" id="99261c9c-3be3-711c-8119-60f520f8d714">
      <Execution id="24f30976-a61c-49e0-8e68-b934783c2083" />
      <TestMethod codeBase="C:\Development\Datatent2\tests\Datatent2.Core.Tests\bin\Debug\net5.0\Datatent2.Core.Tests.dll" adapterTypeName="executor://xunit/VsTestRunner2/netcoreapp" className="Datatent2.Core.Tests.Scripting.JavascriptScriptingEngineTest" name="CheckBoolProp" />
    </UnitTest>
    <UnitTest name="Datatent2.Core.Tests.Page.BasePageTest.InsertTest_Continuous" storage="c:\development\datatent2\tests\datatent2.core.tests\bin\debug\net5.0\datatent2.core.tests.dll" id="5415fbde-e341-9e80-e60a-a1ea9e4766ce">
      <Execution id="107bee10-5bd1-4308-a49f-fade8e64c7a3" />
      <TestMethod codeBase="C:\Development\Datatent2\tests\Datatent2.Core.Tests\bin\Debug\net5.0\Datatent2.Core.Tests.dll" adapterTypeName="executor://xunit/VsTestRunner2/netcoreapp" className="Datatent2.Core.Tests.Page.BasePageTest" name="InsertTest_Continuous" />
    </UnitTest>
  </TestDefinitions>
  <TestEntries>
    <TestEntry testId="5ea346f3-62ff-036b-92ab-34912548a8d3" executionId="441b41ae-42ab-4364-9ede-6a1abfe420e5" testListId="8c84fa94-04c1-424b-9868-57a2d4851a1d" />
    <TestEntry testId="2e72e4f6-5d39-68a2-28f6-9d89ba0e1b5b" executionId="e50641db-8103-450a-a2ae-0af5a58a24c7" testListId="8c84fa94-04c1-424b-9868-57a2d4851a1d" />
    <TestEntry testId="967b1b60-ba51-64a2-f3a1-4c48b0838283" executionId="678a3f6b-7503-4817-a410-eed78a7a755f" testListId="8c84fa94-04c1-424b-9868-57a2d4851a1d" />
    <TestEntry testId="8f61178a-0704-9c66-7819-5528073bc2c1" executionId="259de46d-dd3d-4405-997b-a27acc01ff92" testListId="8c84fa94-04c1-424b-9868-57a2d4851a1d" />
    <TestEntry testId="770f0336-5cf3-42cb-a93b-c88fc98445de" executionId="ba04868d-c983-448f-83f4-ed03d3604168" testListId="8c84fa94-04c1-424b-9868-57a2d4851a1d" />
    <TestEntry testId="50d53324-9539-e7c0-d469-04df0a0c0637" executionId="4a259c32-f81d-4610-942c-f6c7273e91ee" testListId="8c84fa94-04c1-424b-9868-57a2d4851a1d" />
    <TestEntry testId="5d5b902d-7ce5-7c9d-72ea-a6c46588802d" executionId="01f0d8c1-a2c2-4591-94ba-510c0532da38" testListId="8c84fa94-04c1-424b-9868-57a2d4851a1d" />
    <TestEntry testId="a922d675-037c-885c-3756-b3e3f02fbdfc" executionId="dd12cbaa-c994-414f-a111-72d93386c505" testListId="8c84fa94-04c1-424b-9868-57a2d4851a1d" />
    <TestEntry testId="43540452-2b24-f989-4ee2-55eff6386725" executionId="294fffaf-3db5-4b59-bf5b-1e6037b7552f" testListId="8c84fa94-04c1-424b-9868-57a2d4851a1d" />
    <TestEntry testId="77c06790-fe99-4493-fd5a-3b91db0605af" executionId="cedfa079-c312-46f1-8584-9db098059c1e" testListId="8c84fa94-04c1-424b-9868-57a2d4851a1d" />
    <TestEntry testId="0b494be6-8111-d1fd-627f-f9293b5d7f89" executionId="c3196498-86b4-4c88-975e-ed1c68375ec2" testListId="8c84fa94-04c1-424b-9868-57a2d4851a1d" />
    <TestEntry testId="6fa69bee-38fb-5493-b7da-9ebc7f988cd2" executionId="06b4255a-914e-4858-996b-cecb8c59be41" testListId="8c84fa94-04c1-424b-9868-57a2d4851a1d" />
    <TestEntry testId="4549c134-5b5a-edf4-c05a-ce4c1f7153d8" executionId="4715aaca-b71e-4b97-9bb5-b4c7cfe3808d" testListId="8c84fa94-04c1-424b-9868-57a2d4851a1d" />
    <TestEntry testId="e7a6ea5c-e6e1-f51e-30d3-ca95d0616446" executionId="36e73e91-cf8f-4929-8f0b-e3870f39da7e" testListId="8c84fa94-04c1-424b-9868-57a2d4851a1d" />
    <TestEntry testId="475bae9b-f954-eb62-82cb-0c0d227b1051" executionId="15dacbd2-bbca-4c85-b3e2-b0144b2d72ad" testListId="8c84fa94-04c1-424b-9868-57a2d4851a1d" />
    <TestEntry testId="502641be-1d12-6146-4625-452dce890e4a" executionId="4f59b75c-b1d2-4eab-a27c-f772722b5cc4" testListId="8c84fa94-04c1-424b-9868-57a2d4851a1d" />
    <TestEntry testId="7aff30e8-b4e1-6f55-b98a-e17df039e18f" executionId="dd9dba82-2cc8-4f14-9368-6fb15951fb07" testListId="8c84fa94-04c1-424b-9868-57a2d4851a1d" />
    <TestEntry testId="553883fc-925f-a17a-a8a2-e5c21534480d" executionId="99f9f17d-ba0e-4b4d-b827-0b53fd4f9317" testListId="8c84fa94-04c1-424b-9868-57a2d4851a1d" />
    <TestEntry testId="958c8b7c-cd3c-acfe-5f35-d5273f63dd5b" executionId="4b2fc416-654d-4334-8ee2-eae0cfeac8c7" testListId="8c84fa94-04c1-424b-9868-57a2d4851a1d" />
    <TestEntry testId="f1bf1317-d35e-553d-07e3-2d25a0488e4e" executionId="3ab31f24-7f7a-48c3-b233-ef9e0158abcb" testListId="8c84fa94-04c1-424b-9868-57a2d4851a1d" />
    <TestEntry testId="efde8c26-f216-ea68-5f40-67ce1838ff20" executionId="533955ac-a683-4421-8f74-987c571be194" testListId="8c84fa94-04c1-424b-9868-57a2d4851a1d" />
    <TestEntry testId="8b29579c-ebe9-376e-874c-492a3ff4b462" executionId="81563c16-c37a-4413-8b63-1890bfe99378" testListId="8c84fa94-04c1-424b-9868-57a2d4851a1d" />
    <TestEntry testId="baa599d7-917d-b8c6-c201-d310b285b06a" executionId="fe41d888-5b1f-4168-8f55-9c9157dddba1" testListId="8c84fa94-04c1-424b-9868-57a2d4851a1d" />
    <TestEntry testId="02f7fb13-a36a-2b36-ae1d-4330d6bed1b4" executionId="355face9-468a-4bfa-9539-55d1b8a2acd8" testListId="8c84fa94-04c1-424b-9868-57a2d4851a1d" />
    <TestEntry testId="99261c9c-3be3-711c-8119-60f520f8d714" executionId="24f30976-a61c-49e0-8e68-b934783c2083" testListId="8c84fa94-04c1-424b-9868-57a2d4851a1d" />
    <TestEntry testId="ffcfb1df-b22c-eb6b-9fd3-37d8322f9585" executionId="4eb83de1-e93a-4d2d-ade1-9c7e8517c9d3" testListId="8c84fa94-04c1-424b-9868-57a2d4851a1d" />
    <TestEntry testId="920f4e6e-73f9-10c6-55e2-50a1d8fe8662" executionId="f7d86c1a-d255-4801-915c-7c019edcea62" testListId="8c84fa94-04c1-424b-9868-57a2d4851a1d" />
    <TestEntry testId="471f6078-bcec-5e8c-aebf-a5d444fd146b" executionId="e2e15d70-dbb3-42de-b1a0-2b0f83a07b22" testListId="8c84fa94-04c1-424b-9868-57a2d4851a1d" />
    <TestEntry testId="04108fb0-e4f4-5374-89eb-40eb7a53d815" executionId="a4b4a583-a4bc-4726-bdea-fc91821b1028" testListId="8c84fa94-04c1-424b-9868-57a2d4851a1d" />
    <TestEntry testId="18da4cbd-c2ce-79b1-d0d7-778c5ddd401c" executionId="57eec568-cb36-419c-8491-3084a68a3c0a" testListId="8c84fa94-04c1-424b-9868-57a2d4851a1d" />
    <TestEntry testId="dfaaae34-b3da-414b-655a-07b216764051" executionId="f3ef5c06-ee70-449c-8be4-98fc944af6ce" testListId="8c84fa94-04c1-424b-9868-57a2d4851a1d" />
    <TestEntry testId="5415fbde-e341-9e80-e60a-a1ea9e4766ce" executionId="107bee10-5bd1-4308-a49f-fade8e64c7a3" testListId="8c84fa94-04c1-424b-9868-57a2d4851a1d" />
    <TestEntry testId="d3c7d8ce-9c9c-ab47-86cd-a0f32a5a7773" executionId="d586a29f-6edb-477f-9c88-eb2ffe233f7d" testListId="8c84fa94-04c1-424b-9868-57a2d4851a1d" />
    <TestEntry testId="d5f78033-3eb8-89be-c400-7d21a1af6fca" executionId="1058903e-46f3-46bf-98a3-1e717a3ca633" testListId="8c84fa94-04c1-424b-9868-57a2d4851a1d" />
  </TestEntries>
  <TestLists>
    <TestList name="Ergebnisse nicht in einer Liste" id="8c84fa94-04c1-424b-9868-57a2d4851a1d" />
    <TestList name="Alle geladenen Ergebnisse" id="19431567-8539-422a-85d7-44ee4e166bda" />
  </TestLists>
  <ResultSummary outcome="Failed">
    <Counters total="34" executed="34" passed="26" failed="8" error="0" timeout="0" aborted="0" inconclusive="0" passedButRunAborted="0" notRunnable="0" notExecuted="0" disconnected="0" warning="0" completed="0" inProgress="0" pending="0" />
    <Output>
      <StdOut>[xUnit.net 00:00:00.00] xUnit.net VSTest Adapter v2.4.3+1b45f5407b (64-bit .NET 5.0.4)&#xD;
[xUnit.net 00:00:01.38]   Discovering: Datatent2.Core.Tests&#xD;
[xUnit.net 00:00:01.41]   Discovered:  Datatent2.Core.Tests&#xD;
[xUnit.net 00:00:01.41]   Starting:    Datatent2.Core.Tests&#xD;
[xUnit.net 00:00:01.56]       System.NullReferenceException : Object reference not set to an instance of an object.&#xD;
[xUnit.net 00:00:01.56]       Stack Trace:&#xD;
[xUnit.net 00:00:01.56]         C:\Development\Datatent2\src\Datatent2.Core\Services\Cache\CacheService.cs(26,0): at Datatent2.Core.Services.Cache.CacheService.Add(BasePage page)&#xD;
[xUnit.net 00:00:01.56]         C:\Development\Datatent2\src\Datatent2.Core\Services\Page\PageService.cs(147,0): at Datatent2.Core.Services.Page.PageService.GetDataPageWithFreeSpace()&#xD;
[xUnit.net 00:00:01.56]         C:\Development\Datatent2\tests\Datatent2.Core.Tests\Service\PageServiceTest.cs(31,0): at Datatent2.Core.Tests.Service.PageServiceTest.GetFreeDataPageTest_NewPage()&#xD;
[xUnit.net 00:00:01.56]            at System.Threading.Tasks.Task.&lt;&gt;c.&lt;ThrowAsync&gt;b__140_0(Object state)&#xD;
[xUnit.net 00:00:01.57]       Shouldly.ShouldAssertException : (uint)nextId
    should be
386u
    but was&#xD;
[xUnit.net 00:00:01.57]       433u&#xD;
[xUnit.net 00:00:01.57]       Stack Trace:&#xD;
[xUnit.net 00:00:01.57]         C:\Development\Datatent2\tests\Datatent2.Core.Tests\Page\GlobalAllocationMapPageTest.cs(144,0): at Datatent2.Core.Tests.Page.GlobalAllocationMapPageTest.AcquireIdCompleteGamTest()&#xD;
[xUnit.net 00:00:01.62]       System.NullReferenceException : Object reference not set to an instance of an object.&#xD;
[xUnit.net 00:00:01.62]       Stack Trace:&#xD;
[xUnit.net 00:00:01.62]         C:\Development\Datatent2\src\Datatent2.Core\Services\Cache\CacheService.cs(26,0): at Datatent2.Core.Services.Cache.CacheService.Add(BasePage page)&#xD;
[xUnit.net 00:00:01.62]         C:\Development\Datatent2\src\Datatent2.Core\Services\Page\PageService.cs(147,0): at Datatent2.Core.Services.Page.PageService.GetDataPageWithFreeSpace()&#xD;
[xUnit.net 00:00:01.62]         C:\Development\Datatent2\src\Datatent2.Core\Services\Data\DataService.cs(104,0): at Datatent2.Core.Services.Data.DataService.Insert(Object obj, Boolean delayWrite)&#xD;
[xUnit.net 00:00:01.62]         C:\Development\Datatent2\tests\Datatent2.Core.Tests\Service\DataServiceTest.cs(165,0): at Datatent2.Core.Tests.Service.DataServiceTest.LargeInsertAndGetWithCheckpointTest()&#xD;
[xUnit.net 00:00:01.62]         --- End of stack trace from previous location ---&#xD;
[xUnit.net 00:00:01.62]       System.NullReferenceException : Object reference not set to an instance of an object.&#xD;
[xUnit.net 00:00:01.62]       Stack Trace:&#xD;
[xUnit.net 00:00:01.62]         C:\Development\Datatent2\src\Datatent2.Core\Services\Cache\CacheService.cs(26,0): at Datatent2.Core.Services.Cache.CacheService.Add(BasePage page)&#xD;
[xUnit.net 00:00:01.62]         C:\Development\Datatent2\src\Datatent2.Core\Services\Page\PageService.cs(147,0): at Datatent2.Core.Services.Page.PageService.GetDataPageWithFreeSpace()&#xD;
[xUnit.net 00:00:01.62]         C:\Development\Datatent2\src\Datatent2.Core\Services\Data\DataService.cs(104,0): at Datatent2.Core.Services.Data.DataService.Insert(Object obj, Boolean delayWrite)&#xD;
[xUnit.net 00:00:01.62]         C:\Development\Datatent2\tests\Datatent2.Core.Tests\Service\DataServiceTest.cs(135,0): at Datatent2.Core.Tests.Service.DataServiceTest.LargeInsertTest()&#xD;
[xUnit.net 00:00:01.62]         --- End of stack trace from previous location ---&#xD;
[xUnit.net 00:00:01.62]       System.NullReferenceException : Object reference not set to an instance of an object.&#xD;
[xUnit.net 00:00:01.62]       Stack Trace:&#xD;
[xUnit.net 00:00:01.62]         C:\Development\Datatent2\src\Datatent2.Core\Services\Cache\CacheService.cs(26,0): at Datatent2.Core.Services.Cache.CacheService.Add(BasePage page)&#xD;
[xUnit.net 00:00:01.62]         C:\Development\Datatent2\src\Datatent2.Core\Services\Page\PageService.cs(147,0): at Datatent2.Core.Services.Page.PageService.GetDataPageWithFreeSpace()&#xD;
[xUnit.net 00:00:01.62]         C:\Development\Datatent2\src\Datatent2.Core\Services\Data\DataService.cs(104,0): at Datatent2.Core.Services.Data.DataService.Insert(Object obj, Boolean delayWrite)&#xD;
[xUnit.net 00:00:01.62]         C:\Development\Datatent2\tests\Datatent2.Core.Tests\Service\DataServiceTest.cs(34,0): at Datatent2.Core.Tests.Service.DataServiceTest.SimpleInsertTest()&#xD;
[xUnit.net 00:00:01.62]         --- End of stack trace from previous location ---&#xD;
[xUnit.net 00:00:01.62]       System.NullReferenceException : Object reference not set to an instance of an object.&#xD;
[xUnit.net 00:00:01.62]       Stack Trace:&#xD;
[xUnit.net 00:00:01.62]         C:\Development\Datatent2\src\Datatent2.Core\Services\Cache\CacheService.cs(26,0): at Datatent2.Core.Services.Cache.CacheService.Add(BasePage page)&#xD;
[xUnit.net 00:00:01.62]         C:\Development\Datatent2\src\Datatent2.Core\Services\Page\PageService.cs(147,0): at Datatent2.Core.Services.Page.PageService.GetDataPageWithFreeSpace()&#xD;
[xUnit.net 00:00:01.62]         C:\Development\Datatent2\src\Datatent2.Core\Services\Data\DataService.cs(104,0): at Datatent2.Core.Services.Data.DataService.Insert(Object obj, Boolean delayWrite)&#xD;
[xUnit.net 00:00:01.62]         C:\Development\Datatent2\tests\Datatent2.Core.Tests\Service\DataServiceTest.cs(105,0): at Datatent2.Core.Tests.Service.DataServiceTest.InsertMaxAmountOfEntriesPerPageTest()&#xD;
[xUnit.net 00:00:01.62]         --- End of stack trace from previous location ---&#xD;
[xUnit.net 00:00:01.66]       System.NullReferenceException : Object reference not set to an instance of an object.&#xD;
[xUnit.net 00:00:01.66]       Stack Trace:&#xD;
[xUnit.net 00:00:01.66]         C:\Development\Datatent2\src\Datatent2.Core\Services\Cache\CacheService.cs(26,0): at Datatent2.Core.Services.Cache.CacheService.Add(BasePage page)&#xD;
[xUnit.net 00:00:01.66]         C:\Development\Datatent2\src\Datatent2.Core\Services\Page\PageService.cs(147,0): at Datatent2.Core.Services.Page.PageService.GetDataPageWithFreeSpace()&#xD;
[xUnit.net 00:00:01.66]         C:\Development\Datatent2\src\Datatent2.Core\Services\Data\DataService.cs(104,0): at Datatent2.Core.Services.Data.DataService.Insert(Object obj, Boolean delayWrite)&#xD;
[xUnit.net 00:00:01.66]         C:\Development\Datatent2\tests\Datatent2.Core.Tests\Service\DataServiceTest.cs(76,0): at Datatent2.Core.Tests.Service.DataServiceTest.SimpleInsertAndGetWithCheckpointTest()&#xD;
[xUnit.net 00:00:01.66]         --- End of stack trace from previous location ---&#xD;
[xUnit.net 00:00:01.67]       System.NullReferenceException : Object reference not set to an instance of an object.&#xD;
[xUnit.net 00:00:01.67]       Stack Trace:&#xD;
[xUnit.net 00:00:01.67]         C:\Development\Datatent2\src\Datatent2.Core\Services\Cache\CacheService.cs(26,0): at Datatent2.Core.Services.Cache.CacheService.Add(BasePage page)&#xD;
[xUnit.net 00:00:01.67]         C:\Development\Datatent2\src\Datatent2.Core\Services\Page\PageService.cs(147,0): at Datatent2.Core.Services.Page.PageService.GetDataPageWithFreeSpace()&#xD;
[xUnit.net 00:00:01.67]         C:\Development\Datatent2\src\Datatent2.Core\Services\Data\DataService.cs(104,0): at Datatent2.Core.Services.Data.DataService.Insert(Object obj, Boolean delayWrite)&#xD;
[xUnit.net 00:00:01.67]         C:\Development\Datatent2\tests\Datatent2.Core.Tests\Service\DataServiceTest.cs(54,0): at Datatent2.Core.Tests.Service.DataServiceTest.SimpleInsertAndGetTest()&#xD;
[xUnit.net 00:00:01.67]         --- End of stack trace from previous location ---&#xD;
[xUnit.net 00:00:02.60]   Finished:    Datatent2.Core.Tests&#xD;
</StdOut>
    </Output>
    <RunInfos>
      <RunInfo computerName="DESKTOP-DLO7ESN" outcome="Error" timestamp="2021-03-20T18:20:58.5936472+01:00">
        <Text>[xUnit.net 00:00:01.56]     Datatent2.Core.Tests.Service.PageServiceTest.GetFreeDataPageTest_NewPage [FAIL]</Text>
      </RunInfo>
      <RunInfo computerName="DESKTOP-DLO7ESN" outcome="Error" timestamp="2021-03-20T18:20:58.5940560+01:00">
        <Text>[xUnit.net 00:00:01.57]     Datatent2.Core.Tests.Page.GlobalAllocationMapPageTest.AcquireIdCompleteGamTest [FAIL]</Text>
      </RunInfo>
      <RunInfo computerName="DESKTOP-DLO7ESN" outcome="Error" timestamp="2021-03-20T18:20:58.6284977+01:00">
        <Text>[xUnit.net 00:00:01.62]     Datatent2.Core.Tests.Service.DataServiceTest.LargeInsertAndGetWithCheckpointTest [FAIL]</Text>
      </RunInfo>
      <RunInfo computerName="DESKTOP-DLO7ESN" outcome="Error" timestamp="2021-03-20T18:20:58.6308137+01:00">
        <Text>[xUnit.net 00:00:01.62]     Datatent2.Core.Tests.Service.DataServiceTest.LargeInsertTest [FAIL]</Text>
      </RunInfo>
      <RunInfo computerName="DESKTOP-DLO7ESN" outcome="Error" timestamp="2021-03-20T18:20:58.6326142+01:00">
        <Text>[xUnit.net 00:00:01.62]     Datatent2.Core.Tests.Service.DataServiceTest.SimpleInsertTest [FAIL]</Text>
      </RunInfo>
      <RunInfo computerName="DESKTOP-DLO7ESN" outcome="Error" timestamp="2021-03-20T18:20:58.6346432+01:00">
        <Text>[xUnit.net 00:00:01.62]     Datatent2.Core.Tests.Service.DataServiceTest.InsertMaxAmountOfEntriesPerPageTest [FAIL]</Text>
      </RunInfo>
      <RunInfo computerName="DESKTOP-DLO7ESN" outcome="Error" timestamp="2021-03-20T18:20:58.6776183+01:00">
        <Text>[xUnit.net 00:00:01.66]     Datatent2.Core.Tests.Service.DataServiceTest.SimpleInsertAndGetWithCheckpointTest [FAIL]</Text>
      </RunInfo>
      <RunInfo computerName="DESKTOP-DLO7ESN" outcome="Error" timestamp="2021-03-20T18:20:58.6801130+01:00">
        <Text>[xUnit.net 00:00:01.67]     Datatent2.Core.Tests.Service.DataServiceTest.SimpleInsertAndGetTest [FAIL]</Text>
      </RunInfo>
    </RunInfos>
  </ResultSummary>
</TestRun>